$ tsup
CLI Building entry: src/cliManuals.ts, src/index.ts
CLI Using tsconfig: tsconfig.json
CLI tsup v8.5.1
CLI Using tsup config: /Users/hjunkim/WebstormProjects/aidigestdesk/packages/content/tsup.config.ts
CLI Target: es2023
CLI Cleaning output folder
ESM Build start
CJS Build start
ESM dist/cliManuals.js     230.52 KB
ESM dist/index.js          1.07 MB
ESM dist/cliManuals.js.map 150.84 KB
ESM dist/index.js.map      1.05 MB
ESM ⚡️ Build success in 82ms
CJS dist/cliManuals.cjs     231.58 KB
CJS dist/index.cjs          1.08 MB
CJS dist/cliManuals.cjs.map 150.89 KB
CJS dist/index.cjs.map      1.05 MB
CJS ⚡️ Build success in 83ms
DTS Build start
DTS ⚡️ Build success in 1268ms
DTS dist/cliManuals.d.ts        876.00 B
DTS dist/index.d.ts             9.69 KB
DTS dist/catalog-2z5tudBC.d.ts  20.03 KB
DTS dist/cliManuals.d.cts       877.00 B
DTS dist/index.d.cts            9.69 KB
DTS dist/catalog-2z5tudBC.d.cts 20.03 KB
